// Jest Snapshot v1, https://goo.gl/fbAQLP

exports[`<HomePage/> should match snapshot 1`] = `
<div>
  <h1
    data-testid="withRouter"
  >
    Mocked withRouter
  </h1>
  <main>
    <h1>
      Hello world
    </h1>
  </main>
</div>
`;
